// Vitest Snapshot v1, https://vitest.dev/guide/snapshot.html

exports[`Prettier Config > should export rules 1`] = `
{
  "$schema": "http://json.schemastore.org/prettierrc",
  "endOfLine": "lf",
  "overrides": [
    {
      "files": "*.yml",
      "options": {
        "tabWidth": 2,
        "useTabs": false,
      },
    },
  ],
  "printWidth": 150,
  "quoteProps": "as-needed",
  "semi": true,
  "singleQuote": true,
  "tabWidth": 4,
  "trailingComma": "none",
  "useTabs": true,
}
`;
